// Jest Snapshot v1, https://goo.gl/fbAQLP

exports[`Nav component renders the navigation 1`] = `
<Component>
  <div>
    <h1>
      Experimental UI
    </h1>
    <sub>
      Thanks for testing out the new React interface!
    </sub>
    <hr />
    <p>
      Click on the kebab to the right to navigate through the available pages.
    </p>
  </div>
</Component>
`;
